node.exe : npm error code ENOENT
At line:1 char:1
+ & "C:\Program Files\nodejs/node.exe" "C:\Program 
Files\nodejs/node_mo ...
+ ~~~~~~~~~~~~~~~~~~~~~~~~~~~~~~~~~~~~~~~~~~~~~~~~~~~~~~~~~~~~~~~~~~
~~~
    + CategoryInfo          : NotSpecified: (npm error code ENOENT: 
   String) [], RemoteException
    + FullyQualifiedErrorId : NativeCommandError
 
npm error syscall open
npm error path D:\BioMuseum\package.json
npm error errno -4058
npm error enoent Could not read package.json: Error: ENOENT: no 
such file or directory, open 'D:\BioMuseum\package.json'
npm error enoent This is related to npm not being able to find a 
file.
npm error enoent
npm error A complete log of this run can be found in: C:\Users\sarth
\AppData\Local\npm-cache\_logs\2025-12-01T17_13_39_457Z-debug-0.log
